// Jest Snapshot v1, https://goo.gl/fbAQLP

exports[`utils flattenConfig should create a flat config from \`config\` 1`] = `
{
  "anotherOne": {
    "path": [
      "somethingElse",
      "deeper",
    ],
    "serializer": {
      "deserialize": [Function],
      "serialize": [Function],
    },
    "skipValue": [Function],
  },
  "deeper": {
    "path": [
      "somethingElse",
      "evenDeeper",
      "test",
    ],
    "serializer": {
      "deserialize": [Function],
      "serialize": [Function],
    },
    "skipValue": [Function],
  },
  "theParameter": {
    "path": [
      "state",
    ],
    "serializer": {
      "deserialize": [Function],
      "serialize": [Function],
    },
    "skipValue": [Function],
  },
}
`;
